[0m21:57:59.138477 [debug] [MainThread]: Sending event: {'category': 'dbt', 'action': 'invocation', 'label': 'start', 'context': [<snowplow_tracker.self_describing_json.SelfDescribingJson object at 0x00000234E3654C20>, <snowplow_tracker.self_describing_json.SelfDescribingJson object at 0x00000234E3EF1090>, <snowplow_tracker.self_describing_json.SelfDescribingJson object at 0x00000234E554FED0>]}


============================== 21:57:59.189107 | 08a3ebca-247f-488c-a2a2-7ba517cf6142 ==============================
[0m21:57:59.189107 [info ] [MainThread]: Running with dbt=1.10.15
[0m21:57:59.190314 [debug] [MainThread]: running dbt with arguments {'version_check': 'True', 'no_print': 'None', 'static_parser': 'True', 'warn_error_options': 'WarnErrorOptionsV2(error=[], warn=[], silence=[])', 'target_path': 'None', 'printer_width': '80', 'write_json': 'True', 'introspect': 'True', 'log_cache_events': 'False', 'empty': 'None', 'cache_selected_only': 'False', 'log_format': 'default', 'debug': 'False', 'fail_fast': 'False', 'profiles_dir': 'C:\\Users\\Aathi K M\\.dbt', 'send_anonymous_usage_stats': 'True', 'quiet': 'False', 'warn_error': 'None', 'partial_parse': 'True', 'invocation_command': 'dbt init', 'indirect_selection': 'eager', 'use_colors': 'True', 'use_experimental_parser': 'False', 'log_path': 'logs'}
[0m21:57:59.320510 [info ] [MainThread]: Creating dbt configuration folder at C:\Users\Aathi K M\.dbt
[0m21:58:12.310383 [debug] [MainThread]: Starter project path: C:\Users\Aathi K M\Documents\Data_engineering\DBT-tutorial\.venv\Lib\site-packages\dbt\include\starter_project
[0m21:58:12.336001 [info ] [MainThread]: 
Your new dbt project "dbt_tutorial" was created!

For more information on how to configure the profiles.yml file,
please consult the dbt documentation here:

  https://docs.getdbt.com/docs/configure-your-profile

One more thing:

Need help? Don't hesitate to reach out to us via GitHub issues or on Slack:

  https://community.getdbt.com/

Happy modeling!

[0m21:58:12.337109 [info ] [MainThread]: Setting up your profile.
[0m21:58:19.288812 [debug] [MainThread]: Spark adapter: Setting pyhive.hive logging to ERROR
[0m21:58:19.289458 [debug] [MainThread]: Spark adapter: Setting thrift.transport logging to ERROR
[0m21:58:19.289924 [debug] [MainThread]: Spark adapter: Setting thrift.protocol logging to ERROR
[0m22:00:42.734738 [info ] [MainThread]: Profile dbt_tutorial written to C:\Users\Aathi K M\.dbt\profiles.yml using target's profile_template.yml and your supplied values. Run 'dbt debug' to validate the connection.
[0m22:00:42.737318 [debug] [MainThread]: Command `dbt init` succeeded at 22:00:42.737113 after 163.78 seconds
[0m22:00:42.737905 [debug] [MainThread]: Sending event: {'category': 'dbt', 'action': 'invocation', 'label': 'end', 'context': [<snowplow_tracker.self_describing_json.SelfDescribingJson object at 0x00000234E7DB5CD0>, <snowplow_tracker.self_describing_json.SelfDescribingJson object at 0x00000234E56D70B0>, <snowplow_tracker.self_describing_json.SelfDescribingJson object at 0x00000234E7FAB460>]}
[0m22:00:42.738533 [debug] [MainThread]: Flushing usage events
[0m22:00:44.506002 [debug] [MainThread]: An error was encountered while trying to flush usage events
[0m22:04:50.427137 [debug] [MainThread]: Sending event: {'category': 'dbt', 'action': 'invocation', 'label': 'start', 'context': [<snowplow_tracker.self_describing_json.SelfDescribingJson object at 0x000001590B454C20>, <snowplow_tracker.self_describing_json.SelfDescribingJson object at 0x000001590BCF1090>, <snowplow_tracker.self_describing_json.SelfDescribingJson object at 0x000001590D34FED0>]}


============================== 22:04:50.433455 | 7190646c-6988-4e97-8848-2150fdd941d5 ==============================
[0m22:04:50.433455 [info ] [MainThread]: Running with dbt=1.10.15
[0m22:04:50.434583 [debug] [MainThread]: running dbt with arguments {'version_check': 'True', 'no_print': 'None', 'static_parser': 'True', 'warn_error_options': 'WarnErrorOptionsV2(error=[], warn=[], silence=[])', 'target_path': 'None', 'printer_width': '80', 'write_json': 'True', 'empty': 'None', 'log_cache_events': 'False', 'introspect': 'True', 'cache_selected_only': 'False', 'fail_fast': 'False', 'debug': 'False', 'log_format': 'default', 'partial_parse': 'True', 'send_anonymous_usage_stats': 'True', 'quiet': 'False', 'warn_error': 'None', 'profiles_dir': 'C:\\Users\\Aathi K M\\.dbt', 'use_colors': 'True', 'invocation_command': 'dbt debug', 'indirect_selection': 'eager', 'use_experimental_parser': 'False', 'log_path': 'logs'}
[0m22:04:50.476026 [info ] [MainThread]: dbt version: 1.10.15
[0m22:04:50.476994 [info ] [MainThread]: python version: 3.13.9
[0m22:04:50.477851 [info ] [MainThread]: python path: C:\Users\Aathi K M\Documents\Data_engineering\DBT-tutorial\.venv\Scripts\python.exe
[0m22:04:50.478633 [info ] [MainThread]: os info: Windows-11-10.0.26200-SP0
[0m22:04:52.081007 [debug] [MainThread]: Spark adapter: Setting pyhive.hive logging to ERROR
[0m22:04:52.082139 [debug] [MainThread]: Spark adapter: Setting thrift.transport logging to ERROR
[0m22:04:52.083049 [debug] [MainThread]: Spark adapter: Setting thrift.protocol logging to ERROR
[0m22:04:53.173962 [info ] [MainThread]: Using profiles dir at C:\Users\Aathi K M\.dbt
[0m22:04:53.174926 [info ] [MainThread]: Using profiles.yml file at C:\Users\Aathi K M\.dbt\profiles.yml
[0m22:04:53.175684 [info ] [MainThread]: Using dbt_project.yml file at C:\Users\Aathi K M\Documents\Data_engineering\DBT-tutorial\dbt_project.yml
[0m22:04:53.176433 [info ] [MainThread]: adapter type: databricks
[0m22:04:53.177106 [info ] [MainThread]: adapter version: 1.11.0
[0m22:04:53.177894 [info ] [MainThread]: Configuration:
[0m22:04:53.178524 [info ] [MainThread]:   profiles.yml file [[32mOK found and valid[0m]
[0m22:04:53.179115 [info ] [MainThread]:   dbt_project.yml file [[31mERROR not found[0m]
[0m22:04:53.180091 [info ] [MainThread]: Required dependencies:
[0m22:04:53.181383 [debug] [MainThread]: Executing "git --help"
[0m22:04:53.236708 [debug] [MainThread]: STDOUT: "b"usage: git [-v | --version] [-h | --help] [-C <path>] [-c <name>=<value>]\n           [--exec-path[=<path>]] [--html-path] [--man-path] [--info-path]\n           [-p | --paginate | -P | --no-pager] [--no-replace-objects] [--no-lazy-fetch]\n           [--no-optional-locks] [--no-advice] [--bare] [--git-dir=<path>]\n           [--work-tree=<path>] [--namespace=<name>] [--config-env=<name>=<envvar>]\n           <command> [<args>]\n\nThese are common Git commands used in various situations:\n\nstart a working area (see also: git help tutorial)\n   clone      Clone a repository into a new directory\n   init       Create an empty Git repository or reinitialize an existing one\n\nwork on the current change (see also: git help everyday)\n   add        Add file contents to the index\n   mv         Move or rename a file, a directory, or a symlink\n   restore    Restore working tree files\n   rm         Remove files from the working tree and from the index\n\nexamine the history and state (see also: git help revisions)\n   bisect     Use binary search to find the commit that introduced a bug\n   diff       Show changes between commits, commit and working tree, etc\n   grep       Print lines matching a pattern\n   log        Show commit logs\n   show       Show various types of objects\n   status     Show the working tree status\n\ngrow, mark and tweak your common history\n   backfill   Download missing objects in a partial clone\n   branch     List, create, or delete branches\n   commit     Record changes to the repository\n   merge      Join two or more development histories together\n   rebase     Reapply commits on top of another base tip\n   reset      Reset current HEAD to the specified state\n   switch     Switch branches\n   tag        Create, list, delete or verify a tag object signed with GPG\n\ncollaborate (see also: git help workflows)\n   fetch      Download objects and refs from another repository\n   pull       Fetch from and integrate with another repository or a local branch\n   push       Update remote refs along with associated objects\n\n'git help -a' and 'git help -g' list available subcommands and some\nconcept guides. See 'git help <command>' or 'git help <concept>'\nto read about a specific subcommand or concept.\nSee 'git help git' for an overview of the system.\n""
[0m22:04:53.237613 [debug] [MainThread]: STDERR: "b''"
[0m22:04:53.238286 [info ] [MainThread]:  - git [[32mOK found[0m]

[0m22:04:53.239128 [info ] [MainThread]: Connection:
[0m22:04:53.239967 [info ] [MainThread]:   host: dbc-fe16d854-ce28.cloud.databricks.com
[0m22:04:53.240590 [info ] [MainThread]:   http_path: /sql/1.0/warehouses/0ae84d2400ee26cd
[0m22:04:53.241176 [info ] [MainThread]:   catalog: dbt_tutorial
[0m22:04:53.241922 [info ] [MainThread]:   schema: default
[0m22:04:53.243170 [info ] [MainThread]: Registered adapter: databricks=1.11.0
[0m22:04:54.424663 [debug] [MainThread]: Databricks adapter: DatabricksDBTConnection(session-id=None, name=debug) - Creating connection
[0m22:04:54.425296 [debug] [MainThread]: Acquiring new databricks connection 'debug'
[0m22:04:54.425842 [debug] [MainThread]: Using databricks connection "debug"
[0m22:04:54.426284 [debug] [MainThread]: On debug: select 1 as id
[0m22:04:54.426686 [debug] [MainThread]: Opening a new connection, currently in state init
[0m22:04:55.898979 [debug] [MainThread]: Databricks adapter: Connection(session-id=01f0d38a-a9d4-18ad-8884-9ba26ce03d5d) - Created
[0m22:04:57.742848 [debug] [MainThread]: SQL status: OK in 3.320 seconds
[0m22:04:57.744283 [debug] [MainThread]: Databricks adapter: Cursor(session-id=01f0d38a-a9d4-18ad-8884-9ba26ce03d5d, command-id=01f0d38a-aa04-170e-b143-c63c9116dadd) - Closing
[0m22:04:57.745261 [debug] [MainThread]: On debug: Close
[0m22:04:57.746070 [debug] [MainThread]: Databricks adapter: Connection(session-id=01f0d38a-a9d4-18ad-8884-9ba26ce03d5d) - Closing
[0m22:04:58.048360 [info ] [MainThread]:   Connection test: [[32mOK connection ok[0m]

[0m22:04:58.049310 [info ] [MainThread]: [31m1 check failed:[0m
[0m22:04:58.050112 [info ] [MainThread]: Project loading failed for the following reason:
 project path <C:\Users\Aathi K M\Documents\Data_engineering\DBT-tutorial\dbt_project.yml> not found

[0m22:04:58.051773 [debug] [MainThread]: Command `dbt debug` failed at 22:04:58.051590 after 7.89 seconds
[0m22:04:58.052355 [debug] [MainThread]: Sending event: {'category': 'dbt', 'action': 'invocation', 'label': 'end', 'context': [<snowplow_tracker.self_describing_json.SelfDescribingJson object at 0x0000015932761810>, <snowplow_tracker.self_describing_json.SelfDescribingJson object at 0x000001593269F530>, <snowplow_tracker.self_describing_json.SelfDescribingJson object at 0x000001590F94A030>]}
[0m22:04:58.053220 [debug] [MainThread]: Flushing usage events
[0m22:04:59.891012 [debug] [MainThread]: An error was encountered while trying to flush usage events
